// Jest Snapshot v1, https://goo.gl/fbAQLP

exports[`<NavBar /> should match render snapshot 1`] = `
<nav
  className="NavBar-container-1"
>
  <ul>
    <li>
      <a
        aria-current="page"
        className="NavBar-selected-2"
        href="/"
        onClick={[Function]}
        style={Object {}}
      >
        HOME
      </a>
    </li>
    <li>
      <a
        aria-current={null}
        href="/#contact"
        onClick={[Function]}
      >
        CONTACT
      </a>
    </li>
    <li>
      <a
        aria-current={null}
        href="/privacy-policy"
        onClick={[Function]}
      >
        PRIVACY
      </a>
    </li>
  </ul>
</nav>
`;
