// Jest Snapshot v1, https://goo.gl/fbAQLP

exports[`<Content /> should match render snapshot 1`] = `
<div>
  <div
    className="Content-section-1"
    id="home"
  >
    Home
  </div>
  <div
    className="Content-section-1"
    id="contact"
  >
    Contact
  </div>
</div>
`;
