// Jest Snapshot v1, https://goo.gl/fbAQLP

exports[`<HomePage /> should match render snapshot 1`] = `
<div>
  <section
    className="banner-container"
  >
    <div
      className="banner-headline"
    >
      A platform to find, share, and discuss healthy places to shop and eat.
    </div>
    <a
      className="MuiButtonBase-root-28 MuiButton-root-2 MuiButton-fab-19 MuiButton-extendedFab-20 MuiButton-contained-13 MuiButton-containedPrimary-14 MuiButton-raised-16 MuiButton-raisedPrimary-17 Banner-bannerButton-1"
      href="https://app.eatdrinkhealthy.co/"
      onBlur={[Function]}
      onFocus={[Function]}
      onKeyDown={[Function]}
      onKeyUp={[Function]}
      onMouseDown={[Function]}
      onMouseLeave={[Function]}
      onMouseUp={[Function]}
      onTouchEnd={[Function]}
      onTouchMove={[Function]}
      onTouchStart={[Function]}
      rel="noopener noreferrer"
      role="button"
      tabIndex="0"
      target="_blank"
    >
      <span
        className="MuiButton-label-3"
      >
        Web App
      </span>
      <span
        className="MuiTouchRipple-root-131"
      />
    </a>
  </section>
  <div
    className="MuiGrid-container-33 MuiGrid-spacing-xs-24-57 ContactSection-container-31"
  >
    <div
      className="MuiGrid-item-34 MuiGrid-grid-xs-12-73 MuiGrid-grid-md-6-95"
    >
      <img
        alt="Mobile Phone Device"
        className="ContactSection-responsive-32"
        src="images/device.png"
      />
    </div>
    <div
      className="MuiGrid-item-34 MuiGrid-grid-xs-12-73 MuiGrid-grid-md-6-95"
    >
      <div
        className="ContactForm-form-130"
      >
        Contact Form
      </div>
    </div>
  </div>
</div>
`;
